<html>
<body>
<pre>
<h1>µVision Build Log</h1>
<h2>Tool Versions:</h2>
IDE-Version: ¦ÌVision V5.25.2.0
Copyright (C) 2018 ARM Ltd and ARM Germany GmbH. All rights reserved.
License Information: yy DELL, yy, LIC=CZLRA-12IIA-JII5S-LWB72-J5CIE-TVTHT
 
Tool Versions:
Toolchain:       MDK-ARM Plus  Version: 5.25.2.0
Toolchain Path:  C:\Keil_v5\ARM\ARMCC\Bin
C Compiler:      Armcc.exe V5.06 update 6 (build 750)
Assembler:       Armasm.exe V5.06 update 6 (build 750)
Linker/Locator:  ArmLink.exe V5.06 update 6 (build 750)
Library Manager: ArmAr.exe V5.06 update 6 (build 750)
Hex Converter:   FromElf.exe V5.06 update 6 (build 750)
CPU DLL:         SARMCM3.DLL V5.25.2.0
Dialog DLL:      DARMCM1.DLL V1.19.1.0
Target DLL:      STLink\ST-LINKIII-KEIL_SWO.dll V3.0.1.0
Dialog DLL:      TARMCM1.DLL V1.14.0.0
 
<h2>Project:</h2>
E:\Code\smart_eye_led\SmartEyeLed\Proj\LED.uvproj
Project File Date:  02/19/2019

<h2>Output:</h2>
*** Using Compiler 'V5.06 update 6 (build 750)', folder: 'C:\Keil_v5\ARM\ARMCC\Bin'
Build target 'Target 1'
compiling main.c...
..\User\main.c(13): warning:  #223-D: function "USART1_DMA_Config" declared implicitly
      USART1_DMA_Config();
..\User\main.c(8): warning:  #177-D: variable "i"  was declared but never referenced
      uint8_t i;    
..\User\main.c(9): warning:  #177-D: variable "color"  was declared but never referenced
      uint8_t color[][3] = {{222, 0, 0}};
..\User\main.c(10): warning:  #177-D: variable "buf"  was declared but never referenced
      uint8_t buf[32] = "Hello world.\n";
..\User\main.c: 4 warnings, 0 errors
compiling usart1.c...
..\User\usart1.c(104): warning:  #550-D: variable "Len"  was set but never used
  uint16_t Len = 0;
..\User\usart1.c: 1 warning, 0 errors
linking...
Program Size: Code=6408 RO-data=244 RW-data=44 ZI-data=2020  
".\LED.axf" - 0 Error(s), 5 Warning(s).
Build Time Elapsed:  00:00:02
</pre>
</body>
</html>
